#
# There is insufficient memory for the Java Runtime Environment to continue.
# Native memory allocation (malloc) failed to allocate 947952 bytes for Chunk::new
# Possible reasons:
#   The system is out of physical RAM or swap space
#   The process is running with CompressedOops enabled, and the Java Heap may be blocking the growth of the native heap
# Possible solutions:
#   Reduce memory load on the system
#   Increase physical memory or swap space
#   Check if swap backing store is full
#   Decrease Java heap size (-Xmx/-Xms)
#   Decrease number of Java threads
#   Decrease Java thread stack sizes (-Xss)
#   Set larger code cache with -XX:ReservedCodeCacheSize=
#   JVM is running with Zero Based Compressed Oops mode in which the Java heap is
#     placed in the first 32GB address space. The Java Heap base address is the
#     maximum limit for the native heap growth. Please use -XX:HeapBaseMinAddress
#     to set the Java Heap base and to place the Java Heap above 32GB virtual address.
# This output file may be truncated or incomplete.
#
#  Out of Memory Error (arena.cpp:189), pid=18576, tid=27568
#
# JRE version: Java(TM) SE Runtime Environment (17.0.12+8) (build 17.0.12+8-LTS-286)
# Java VM: Java HotSpot(TM) 64-Bit Server VM (17.0.12+8-LTS-286, mixed mode, sharing, tiered, compressed oops, compressed class ptrs, g1 gc, windows-amd64)
# No core dump will be written. Minidumps are not enabled by default on client versions of Windows
#

---------------  S U M M A R Y ------------

Command Line: --enable-native-access=ALL-UNNAMED -Dclassworlds.conf=C:\Users\Vedavarshini\.m2\wrapper\dists\apache-maven-3.9.15\0226a00282e400185496f3b60ec5a3f029cbdc6893912937d4876d57695224e1\bin\m2.conf -Dmaven.home=C:\Users\Vedavarshini\.m2\wrapper\dists\apache-maven-3.9.15\0226a00282e400185496f3b60ec5a3f029cbdc6893912937d4876d57695224e1 -Dlibrary.jansi.path=C:\Users\Vedavarshini\.m2\wrapper\dists\apache-maven-3.9.15\0226a00282e400185496f3b60ec5a3f029cbdc6893912937d4876d57695224e1\lib\jansi-native -Dmaven.multiModuleProjectDirectory=E:\microservices-system\cicd-demo org.codehaus.plexus.classworlds.launcher.Launcher clean package

Host: 11th Gen Intel(R) Core(TM) i5-1135G7 @ 2.40GHz, 8 cores, 15G,  Windows 11 , 64 bit Build 26100 (10.0.26100.8328)
Time: Mon May 25 18:02:38 2026 India Standard Time elapsed time: 9.737671 seconds (0d 0h 0m 9s)

---------------  T H R E A D  ---------------

Current thread (0x000001872679e8d0):  JavaThread "C2 CompilerThread2" daemon [_thread_in_native, id=27568, stack(0x000000213ef00000,0x000000213f000000)]


Current CompileTask:
C2:   9737 4459       4       jdk.internal.org.objectweb.asm.Frame::execute (2305 bytes)

Stack: [0x000000213ef00000,0x000000213f000000]
Native frames: (J=compiled Java code, j=interpreted, Vv=VM code, C=native code)
V  [jvm.dll+0x67a04a]
V  [jvm.dll+0x7da4ed]
V  [jvm.dll+0x7dbe33]
V  [jvm.dll+0x7dc4a3]
V  [jvm.dll+0x24508f]
V  [jvm.dll+0xab773]
V  [jvm.dll+0xabd3c]
V  [jvm.dll+0x361bee]
V  [jvm.dll+0x1ba45a]
V  [jvm.dll+0x216997]
V  [jvm.dll+0x215c6f]
V  [jvm.dll+0x1a2960]
V  [jvm.dll+0x22610b]
V  [jvm.dll+0x2242ab]
V  [jvm.dll+0x79075c]
V  [jvm.dll+0x78abea]
V  [jvm.dll+0x678f35]
C  [ucrtbase.dll+0x37b0]
C  [KERNEL32.DLL+0x2e957]
C  [ntdll.dll+0x427c]


---------------  P R O C E S S  ---------------

Threads class SMR info:
_java_thread_list=0x000001876c7b28b0, length=15, elements={
0x0000018703420dc0, 0x0000018726014d00, 0x00000187260176d0, 0x000001872602a730,
0x000001872602b0f0, 0x000001872602bab0, 0x000001872602c470, 0x000001872602d770,
0x000001872602e630, 0x00000187261711e0, 0x00000187262c1fb0, 0x00000187262c3e60,
0x00000187266e4ec0, 0x000001872679e8d0, 0x000001876c5ca0d0
}

Java Threads: ( => current thread )
  0x0000018703420dc0 JavaThread "main" [_thread_in_vm, id=6376, stack(0x000000213db00000,0x000000213dc00000)]
  0x0000018726014d00 JavaThread "Reference Handler" daemon [_thread_blocked, id=27028, stack(0x000000213e200000,0x000000213e300000)]
  0x00000187260176d0 JavaThread "Finalizer" daemon [_thread_blocked, id=1588, stack(0x000000213e300000,0x000000213e400000)]
  0x000001872602a730 JavaThread "Signal Dispatcher" daemon [_thread_blocked, id=16104, stack(0x000000213e400000,0x000000213e500000)]
  0x000001872602b0f0 JavaThread "Attach Listener" daemon [_thread_blocked, id=20716, stack(0x000000213e500000,0x000000213e600000)]
  0x000001872602bab0 JavaThread "Service Thread" daemon [_thread_blocked, id=26676, stack(0x000000213e600000,0x000000213e700000)]
  0x000001872602c470 JavaThread "Monitor Deflation Thread" daemon [_thread_blocked, id=19984, stack(0x000000213e700000,0x000000213e800000)]
  0x000001872602d770 JavaThread "C2 CompilerThread0" daemon [_thread_in_native, id=14184, stack(0x000000213e800000,0x000000213e900000)]
  0x000001872602e630 JavaThread "C1 CompilerThread0" daemon [_thread_blocked, id=24872, stack(0x000000213e900000,0x000000213ea00000)]
  0x00000187261711e0 JavaThread "Sweeper thread" daemon [_thread_blocked, id=12076, stack(0x000000213ea00000,0x000000213eb00000)]
  0x00000187262c1fb0 JavaThread "Notification Thread" daemon [_thread_blocked, id=13524, stack(0x000000213eb00000,0x000000213ec00000)]
  0x00000187262c3e60 JavaThread "Common-Cleaner" daemon [_thread_blocked, id=19560, stack(0x000000213ed00000,0x000000213ee00000)]
  0x00000187266e4ec0 JavaThread "C2 CompilerThread1" daemon [_thread_in_native, id=25564, stack(0x000000213ee00000,0x000000213ef00000)]
=>0x000001872679e8d0 JavaThread "C2 CompilerThread2" daemon [_thread_in_native, id=27568, stack(0x000000213ef00000,0x000000213f000000)]
  0x000001876c5ca0d0 JavaThread "Thread-1" daemon [_thread_blocked, id=16552, stack(0x000000213f700000,0x000000213f800000)]

Other Threads:
  0x0000018726011260 VMThread "VM Thread" [stack: 0x000000213e100000,0x000000213e200000] [id=27796]
  0x00000187034a9ca0 WatcherThread [stack: 0x000000213ec00000,0x000000213ed00000] [id=27592]
  0x0000018703490ad0 GCTaskThread "GC Thread#0" [stack: 0x000000213dc00000,0x000000213dd00000] [id=24012]
  0x00000187262d89a0 GCTaskThread "GC Thread#1" [stack: 0x000000213f000000,0x000000213f100000] [id=22692]
  0x0000018726bdfc70 GCTaskThread "GC Thread#2" [stack: 0x000000213f100000,0x000000213f200000] [id=19912]
  0x0000018726bdff30 GCTaskThread "GC Thread#3" [stack: 0x000000213f200000,0x000000213f300000] [id=5564]
  0x0000018726731460 GCTaskThread "GC Thread#4" [stack: 0x000000213f300000,0x000000213f400000] [id=28160]
  0x0000018726731720 GCTaskThread "GC Thread#5" [stack: 0x000000213f400000,0x000000213f500000] [id=16732]
  0x0000018726b62d50 GCTaskThread "GC Thread#6" [stack: 0x000000213f500000,0x000000213f600000] [id=6580]
  0x000001876c56ecc0 GCTaskThread "GC Thread#7" [stack: 0x000000213f600000,0x000000213f700000] [id=15484]
  0x00000187034a15f0 ConcurrentGCThread "G1 Main Marker" [stack: 0x000000213dd00000,0x000000213de00000] [id=22220]
  0x00000187034a2cd0 ConcurrentGCThread "G1 Conc#0" [stack: 0x000000213de00000,0x000000213df00000] [id=14076]
  0x00000187034ecf20 ConcurrentGCThread "G1 Refine#0" [stack: 0x000000213df00000,0x000000213e000000] [id=28040]
  0x00000187034ee800 ConcurrentGCThread "G1 Service" [stack: 0x000000213e000000,0x000000213e100000] [id=2236]

Threads with active compile tasks:
C2 CompilerThread0     9755 4615       4       jdk.internal.jimage.BasicImageReader::getLocationIndex (52 bytes)
C2 CompilerThread1     9755 4528       4       jdk.nio.zipfs.ZipFileSystem::makeParentDirs (141 bytes)
C2 CompilerThread2     9755 4459       4       jdk.internal.org.objectweb.asm.Frame::execute (2305 bytes)

VM state: not at safepoint (normal execution)

VM Mutex/Monitor currently owned by a thread: None

Heap address: 0x0000000704200000, size: 4030 MB, Compressed Oops mode: Zero based, Oop shift amount: 3

CDS archive(s) mapped at: [0x0000018727000000-0x0000018727bd0000-0x0000018727bd0000), size 12386304, SharedBaseAddress: 0x0000018727000000, ArchiveRelocationMode: 1.
Compressed class space mapped at: 0x0000018728000000-0x0000018768000000, reserved size: 1073741824
Narrow klass base: 0x0000018727000000, Narrow klass shift: 0, Narrow klass range: 0x100000000

GC Precious Log:
 CPUs: 8 total, 8 available
 Memory: 16118M
 Large Page Support: Disabled
 NUMA Support: Disabled
 Compressed Oops: Enabled (Zero based)
 Heap Region Size: 2M
 Heap Min Capacity: 8M
 Heap Initial Capacity: 252M
 Heap Max Capacity: 4030M
 Pre-touch: Disabled
 Parallel Workers: 8
 Concurrent Workers: 2
 Concurrent Refinement Workers: 8
 Periodic GC: Disabled

Heap:
 garbage-first heap   total 258048K, used 142200K [0x0000000704200000, 0x0000000800000000)
  region size 2048K, 67 young (137216K), 1 survivors (2048K)
 Metaspace       used 20704K, committed 21056K, reserved 1114112K
  class space    used 2477K, committed 2624K, reserved 1048576K

Heap Regions: E=young(eden), S=young(survivor), O=old, HS=humongous(starts), HC=humongous(continues), CS=collection set, F=free, OA=open archive, CA=closed archive, TAMS=top-at-mark-start (previous, next)
|   0|0x0000000704200000, 0x0000000704400000, 0x0000000704400000|100%| O|  |TAMS 0x0000000704200000, 0x0000000704200000| Untracked 
|   1|0x0000000704400000, 0x000000070456c000, 0x0000000704600000| 71%| O|  |TAMS 0x0000000704400000, 0x0000000704400000| Untracked 
|   2|0x0000000704600000, 0x0000000704800000, 0x0000000704800000|100%|HS|  |TAMS 0x0000000704600000, 0x0000000704600000| Complete 
|   3|0x0000000704800000, 0x0000000704a00000, 0x0000000704a00000|100%|HS|  |TAMS 0x0000000704800000, 0x0000000704800000| Complete 
|   4|0x0000000704a00000, 0x0000000704a00000, 0x0000000704c00000|  0%| F|  |TAMS 0x0000000704a00000, 0x0000000704a00000| Untracked 
|   5|0x0000000704c00000, 0x0000000704c00000, 0x0000000704e00000|  0%| F|  |TAMS 0x0000000704c00000, 0x0000000704c00000| Untracked 
|   6|0x0000000704e00000, 0x0000000704e00000, 0x0000000705000000|  0%| F|  |TAMS 0x0000000704e00000, 0x0000000704e00000| Untracked 
|   7|0x0000000705000000, 0x0000000705000000, 0x0000000705200000|  0%| F|  |TAMS 0x0000000705000000, 0x0000000705000000| Untracked 
|   8|0x0000000705200000, 0x0000000705200000, 0x0000000705400000|  0%| F|  |TAMS 0x0000000705200000, 0x0000000705200000| Untracked 
|   9|0x0000000705400000, 0x0000000705400000, 0x0000000705600000|  0%| F|  |TAMS 0x0000000705400000, 0x0000000705400000| Untracked 
|  10|0x0000000705600000, 0x0000000705600000, 0x0000000705800000|  0%| F|  |TAMS 0x0000000705600000, 0x0000000705600000| Untracked 
|  11|0x0000000705800000, 0x0000000705800000, 0x0000000705a00000|  0%| F|  |TAMS 0x0000000705800000, 0x0000000705800000| Untracked 
|  12|0x0000000705a00000, 0x0000000705a00000, 0x0000000705c00000|  0%| F|  |TAMS 0x0000000705a00000, 0x0000000705a00000| Untracked 
|  13|0x0000000705c00000, 0x0000000705c00000, 0x0000000705e00000|  0%| F|  |TAMS 0x0000000705c00000, 0x0000000705c00000| Untracked 
|  14|0x0000000705e00000, 0x0000000705e00000, 0x0000000706000000|  0%| F|  |TAMS 0x0000000705e00000, 0x0000000705e00000| Untracked 
|  15|0x0000000706000000, 0x0000000706000000, 0x0000000706200000|  0%| F|  |TAMS 0x0000000706000000, 0x0000000706000000| Untracked 
|  16|0x0000000706200000, 0x0000000706200000, 0x0000000706400000|  0%| F|  |TAMS 0x0000000706200000, 0x0000000706200000| Untracked 
|  17|0x0000000706400000, 0x0000000706400000, 0x0000000706600000|  0%| F|  |TAMS 0x0000000706400000, 0x0000000706400000| Untracked 
|  18|0x0000000706600000, 0x0000000706600000, 0x0000000706800000|  0%| F|  |TAMS 0x0000000706600000, 0x0000000706600000| Untracked 
|  19|0x0000000706800000, 0x0000000706800000, 0x0000000706a00000|  0%| F|  |TAMS 0x0000000706800000, 0x0000000706800000| Untracked 
|  20|0x0000000706a00000, 0x0000000706a00000, 0x0000000706c00000|  0%| F|  |TAMS 0x0000000706a00000, 0x0000000706a00000| Untracked 
|  21|0x0000000706c00000, 0x0000000706c00000, 0x0000000706e00000|  0%| F|  |TAMS 0x0000000706c00000, 0x0000000706c00000| Untracked 
|  22|0x0000000706e00000, 0x0000000706e00000, 0x0000000707000000|  0%| F|  |TAMS 0x0000000706e00000, 0x0000000706e00000| Untracked 
|  23|0x0000000707000000, 0x0000000707000000, 0x0000000707200000|  0%| F|  |TAMS 0x0000000707000000, 0x0000000707000000| Untracked 
|  24|0x0000000707200000, 0x0000000707200000, 0x0000000707400000|  0%| F|  |TAMS 0x0000000707200000, 0x0000000707200000| Untracked 
|  25|0x0000000707400000, 0x0000000707400000, 0x0000000707600000|  0%| F|  |TAMS 0x0000000707400000, 0x0000000707400000| Untracked 
|  26|0x0000000707600000, 0x0000000707600000, 0x0000000707800000|  0%| F|  |TAMS 0x0000000707600000, 0x0000000707600000| Untracked 
|  27|0x0000000707800000, 0x0000000707800000, 0x0000000707a00000|  0%| F|  |TAMS 0x0000000707800000, 0x0000000707800000| Untracked 
|  28|0x0000000707a00000, 0x0000000707a00000, 0x0000000707c00000|  0%| F|  |TAMS 0x0000000707a00000, 0x0000000707a00000| Untracked 
|  29|0x0000000707c00000, 0x0000000707c00000, 0x0000000707e00000|  0%| F|  |TAMS 0x0000000707c00000, 0x0000000707c00000| Untracked 
|  30|0x0000000707e00000, 0x0000000707e00000, 0x0000000708000000|  0%| F|  |TAMS 0x0000000707e00000, 0x0000000707e00000| Untracked 
|  31|0x0000000708000000, 0x0000000708000000, 0x0000000708200000|  0%| F|  |TAMS 0x0000000708000000, 0x0000000708000000| Untracked 
|  32|0x0000000708200000, 0x0000000708200000, 0x0000000708400000|  0%| F|  |TAMS 0x0000000708200000, 0x0000000708200000| Untracked 
|  33|0x0000000708400000, 0x0000000708400000, 0x0000000708600000|  0%| F|  |TAMS 0x0000000708400000, 0x0000000708400000| Untracked 
|  34|0x0000000708600000, 0x0000000708600000, 0x0000000708800000|  0%| F|  |TAMS 0x0000000708600000, 0x0000000708600000| Untracked 
|  35|0x0000000708800000, 0x0000000708800000, 0x0000000708a00000|  0%| F|  |TAMS 0x0000000708800000, 0x0000000708800000| Untracked 
|  36|0x0000000708a00000, 0x0000000708a00000, 0x0000000708c00000|  0%| F|  |TAMS 0x0000000708a00000, 0x0000000708a00000| Untracked 
|  37|0x0000000708c00000, 0x0000000708c00000, 0x0000000708e00000|  0%| F|  |TAMS 0x0000000708c00000, 0x0000000708c00000| Untracked 
|  38|0x0000000708e00000, 0x0000000708e00000, 0x0000000709000000|  0%| F|  |TAMS 0x0000000708e00000, 0x0000000708e00000| Untracked 
|  39|0x0000000709000000, 0x0000000709000000, 0x0000000709200000|  0%| F|  |TAMS 0x0000000709000000, 0x0000000709000000| Untracked 
|  40|0x0000000709200000, 0x0000000709200000, 0x0000000709400000|  0%| F|  |TAMS 0x0000000709200000, 0x0000000709200000| Untracked 
|  41|0x0000000709400000, 0x0000000709400000, 0x0000000709600000|  0%| F|  |TAMS 0x0000000709400000, 0x0000000709400000| Untracked 
|  42|0x0000000709600000, 0x0000000709600000, 0x0000000709800000|  0%| F|  |TAMS 0x0000000709600000, 0x0000000709600000| Untracked 
|  43|0x0000000709800000, 0x0000000709800000, 0x0000000709a00000|  0%| F|  |TAMS 0x0000000709800000, 0x0000000709800000| Untracked 
|  44|0x0000000709a00000, 0x0000000709a00000, 0x0000000709c00000|  0%| F|  |TAMS 0x0000000709a00000, 0x0000000709a00000| Untracked 
|  45|0x0000000709c00000, 0x0000000709c00000, 0x0000000709e00000|  0%| F|  |TAMS 0x0000000709c00000, 0x0000000709c00000| Untracked 
|  46|0x0000000709e00000, 0x0000000709e00000, 0x000000070a000000|  0%| F|  |TAMS 0x0000000709e00000, 0x0000000709e00000| Untracked 
|  47|0x000000070a000000, 0x000000070a000000, 0x000000070a200000|  0%| F|  |TAMS 0x000000070a000000, 0x000000070a000000| Untracked 
|  48|0x000000070a200000, 0x000000070a200000, 0x000000070a400000|  0%| F|  |TAMS 0x000000070a200000, 0x000000070a200000| Untracked 
|  49|0x000000070a400000, 0x000000070a400000, 0x000000070a600000|  0%| F|  |TAMS 0x000000070a400000, 0x000000070a400000| Untracked 
|  50|0x000000070a600000, 0x000000070a600000, 0x000000070a800000|  0%| F|  |TAMS 0x000000070a600000, 0x000000070a600000| Untracked 
|  51|0x000000070a800000, 0x000000070a800000, 0x000000070aa00000|  0%| F|  |TAMS 0x000000070a800000, 0x000000070a800000| Untracked 
|  52|0x000000070aa00000, 0x000000070aa00000, 0x000000070ac00000|  0%| F|  |TAMS 0x000000070aa00000, 0x000000070aa00000| Untracked 
|  53|0x000000070ac00000, 0x000000070ac00000, 0x000000070ae00000|  0%| F|  |TAMS 0x000000070ac00000, 0x000000070ac00000| Untracked 
|  54|0x000000070ae00000, 0x000000070ae00000, 0x000000070b000000|  0%| F|  |TAMS 0x000000070ae00000, 0x000000070ae00000| Untracked 
|  55|0x000000070b000000, 0x000000070b000000, 0x000000070b200000|  0%| F|  |TAMS 0x000000070b000000, 0x000000070b000000| Untracked 
|  56|0x000000070b200000, 0x000000070b200000, 0x000000070b400000|  0%| F|  |TAMS 0x000000070b200000, 0x000000070b200000| Untracked 
|  57|0x000000070b400000, 0x000000070b400000, 0x000000070b600000|  0%| F|  |TAMS 0x000000070b400000, 0x000000070b400000| Untracked 
|  58|0x000000070b600000, 0x000000070b600000, 0x000000070b800000|  0%| F|  |TAMS 0x000000070b600000, 0x000000070b600000| Untracked 
|  59|0x000000070b800000, 0x000000070ba00000, 0x000000070ba00000|100%| E|  |TAMS 0x000000070b800000, 0x000000070b800000| Complete 
|  60|0x000000070ba00000, 0x000000070bc00000, 0x000000070bc00000|100%| E|CS|TAMS 0x000000070ba00000, 0x000000070ba00000| Complete 
|  61|0x000000070bc00000, 0x000000070be00000, 0x000000070be00000|100%| E|CS|TAMS 0x000000070bc00000, 0x000000070bc00000| Complete 
|  62|0x000000070be00000, 0x000000070c000000, 0x000000070c000000|100%| E|CS|TAMS 0x000000070be00000, 0x000000070be00000| Complete 
|  63|0x000000070c000000, 0x000000070c200000, 0x000000070c200000|100%| E|CS|TAMS 0x000000070c000000, 0x000000070c000000| Complete 
|  64|0x000000070c200000, 0x000000070c400000, 0x000000070c400000|100%| E|CS|TAMS 0x000000070c200000, 0x000000070c200000| Complete 
|  65|0x000000070c400000, 0x000000070c600000, 0x000000070c600000|100%| E|CS|TAMS 0x000000070c400000, 0x000000070c400000| Complete 
|  66|0x000000070c600000, 0x000000070c800000, 0x000000070c800000|100%| E|CS|TAMS 0x000000070c600000, 0x000000070c600000| Complete 
|  67|0x000000070c800000, 0x000000070ca00000, 0x000000070ca00000|100%| E|CS|TAMS 0x000000070c800000, 0x000000070c800000| Complete 
|  68|0x000000070ca00000, 0x000000070cc00000, 0x000000070cc00000|100%| E|CS|TAMS 0x000000070ca00000, 0x000000070ca00000| Complete 
|  69|0x000000070cc00000, 0x000000070ce00000, 0x000000070ce00000|100%| E|CS|TAMS 0x000000070cc00000, 0x000000070cc00000| Complete 
|  70|0x000000070ce00000, 0x000000070d000000, 0x000000070d000000|100%| E|CS|TAMS 0x000000070ce00000, 0x000000070ce00000| Complete 
|  71|0x000000070d000000, 0x000000070d200000, 0x000000070d200000|100%| E|CS|TAMS 0x000000070d000000, 0x000000070d000000| Complete 
|  72|0x000000070d200000, 0x000000070d400000, 0x000000070d400000|100%| E|CS|TAMS 0x000000070d200000, 0x000000070d200000| Complete 
|  73|0x000000070d400000, 0x000000070d600000, 0x000000070d600000|100%| E|CS|TAMS 0x000000070d400000, 0x000000070d400000| Complete 
|  74|0x000000070d600000, 0x000000070d800000, 0x000000070d800000|100%| E|CS|TAMS 0x000000070d600000, 0x000000070d600000| Complete 
|  75|0x000000070d800000, 0x000000070da00000, 0x000000070da00000|100%| E|CS|TAMS 0x000000070d800000, 0x000000070d800000| Complete 
|  76|0x000000070da00000, 0x000000070dc00000, 0x000000070dc00000|100%| E|CS|TAMS 0x000000070da00000, 0x000000070da00000| Complete 
|  77|0x000000070dc00000, 0x000000070de00000, 0x000000070de00000|100%| E|CS|TAMS 0x000000070dc00000, 0x000000070dc00000| Complete 
|  78|0x000000070de00000, 0x000000070e000000, 0x000000070e000000|100%| E|CS|TAMS 0x000000070de00000, 0x000000070de00000| Complete 
|  79|0x000000070e000000, 0x000000070e200000, 0x000000070e200000|100%| E|CS|TAMS 0x000000070e000000, 0x000000070e000000| Complete 
|  80|0x000000070e200000, 0x000000070e400000, 0x000000070e400000|100%| E|CS|TAMS 0x000000070e200000, 0x000000070e200000| Complete 
|  81|0x000000070e400000, 0x000000070e600000, 0x000000070e600000|100%| E|CS|TAMS 0x000000070e400000, 0x000000070e400000| Complete 
|  82|0x000000070e600000, 0x000000070e800000, 0x000000070e800000|100%| E|CS|TAMS 0x000000070e600000, 0x000000070e600000| Complete 
|  83|0x000000070e800000, 0x000000070ea00000, 0x000000070ea00000|100%| E|CS|TAMS 0x000000070e800000, 0x000000070e800000| Complete 
|  84|0x000000070ea00000, 0x000000070ec00000, 0x000000070ec00000|100%| E|CS|TAMS 0x000000070ea00000, 0x000000070ea00000| Complete 
|  85|0x000000070ec00000, 0x000000070ee00000, 0x000000070ee00000|100%| E|CS|TAMS 0x000000070ec00000, 0x000000070ec00000| Complete 
|  86|0x000000070ee00000, 0x000000070f000000, 0x000000070f000000|100%| E|CS|TAMS 0x000000070ee00000, 0x000000070ee00000| Complete 
|  87|0x000000070f000000, 0x000000070f200000, 0x000000070f200000|100%| E|CS|TAMS 0x000000070f000000, 0x000000070f000000| Complete 
|  88|0x000000070f200000, 0x000000070f400000, 0x000000070f400000|100%| E|CS|TAMS 0x000000070f200000, 0x000000070f200000| Complete 
|  89|0x000000070f400000, 0x000000070f600000, 0x000000070f600000|100%| E|CS|TAMS 0x000000070f400000, 0x000000070f400000| Complete 
|  90|0x000000070f600000, 0x000000070f800000, 0x000000070f800000|100%| E|CS|TAMS 0x000000070f600000, 0x000000070f600000| Complete 
|  91|0x000000070f800000, 0x000000070fa00000, 0x000000070fa00000|100%| E|CS|TAMS 0x000000070f800000, 0x000000070f800000| Complete 
|  92|0x000000070fa00000, 0x000000070fc00000, 0x000000070fc00000|100%| E|CS|TAMS 0x000000070fa00000, 0x000000070fa00000| Complete 
|  93|0x000000070fc00000, 0x000000070fe00000, 0x000000070fe00000|100%| E|CS|TAMS 0x000000070fc00000, 0x000000070fc00000| Complete 
|  94|0x000000070fe00000, 0x0000000710000000, 0x0000000710000000|100%| E|CS|TAMS 0x000000070fe00000, 0x000000070fe00000| Complete 
|  95|0x0000000710000000, 0x0000000710200000, 0x0000000710200000|100%| E|CS|TAMS 0x0000000710000000, 0x0000000710000000| Complete 
|  96|0x0000000710200000, 0x0000000710400000, 0x0000000710400000|100%| E|CS|TAMS 0x0000000710200000, 0x0000000710200000| Complete 
|  97|0x0000000710400000, 0x0000000710600000, 0x0000000710600000|100%| E|CS|TAMS 0x0000000710400000, 0x0000000710400000| Complete 
|  98|0x0000000710600000, 0x0000000710800000, 0x0000000710800000|100%| E|CS|TAMS 0x0000000710600000, 0x0000000710600000| Complete 
|  99|0x0000000710800000, 0x0000000710a00000, 0x0000000710a00000|100%| E|CS|TAMS 0x0000000710800000, 0x0000000710800000| Complete 
| 100|0x0000000710a00000, 0x0000000710c00000, 0x0000000710c00000|100%| E|CS|TAMS 0x0000000710a00000, 0x0000000710a00000| Complete 
| 101|0x0000000710c00000, 0x0000000710e00000, 0x0000000710e00000|100%| E|CS|TAMS 0x0000000710c00000, 0x0000000710c00000| Complete 
| 102|0x0000000710e00000, 0x0000000711000000, 0x0000000711000000|100%| E|CS|TAMS 0x0000000710e00000, 0x0000000710e00000| Complete 
| 103|0x0000000711000000, 0x0000000711200000, 0x0000000711200000|100%| E|CS|TAMS 0x0000000711000000, 0x0000000711000000| Complete 
| 104|0x0000000711200000, 0x0000000711400000, 0x0000000711400000|100%| E|CS|TAMS 0x0000000711200000, 0x0000000711200000| Complete 
| 105|0x0000000711400000, 0x0000000711600000, 0x0000000711600000|100%| E|CS|TAMS 0x0000000711400000, 0x0000000711400000| Complete 
| 106|0x0000000711600000, 0x0000000711800000, 0x0000000711800000|100%| E|CS|TAMS 0x0000000711600000, 0x0000000711600000| Complete 
| 107|0x0000000711800000, 0x0000000711a00000, 0x0000000711a00000|100%| E|CS|TAMS 0x0000000711800000, 0x0000000711800000| Complete 
| 108|0x0000000711a00000, 0x0000000711b72398, 0x0000000711c00000| 72%| S|CS|TAMS 0x0000000711a00000, 0x0000000711a00000| Complete 
| 109|0x0000000711c00000, 0x0000000711e00000, 0x0000000711e00000|100%| E|CS|TAMS 0x0000000711c00000, 0x0000000711c00000| Complete 
| 110|0x0000000711e00000, 0x0000000712000000, 0x0000000712000000|100%| E|CS|TAMS 0x0000000711e00000, 0x0000000711e00000| Complete 
| 111|0x0000000712000000, 0x0000000712200000, 0x0000000712200000|100%| E|CS|TAMS 0x0000000712000000, 0x0000000712000000| Complete 
| 112|0x0000000712200000, 0x0000000712400000, 0x0000000712400000|100%| E|CS|TAMS 0x0000000712200000, 0x0000000712200000| Complete 
| 113|0x0000000712400000, 0x0000000712600000, 0x0000000712600000|100%| E|CS|TAMS 0x0000000712400000, 0x0000000712400000| Complete 
| 114|0x0000000712600000, 0x0000000712800000, 0x0000000712800000|100%| E|CS|TAMS 0x0000000712600000, 0x0000000712600000| Complete 
| 115|0x0000000712800000, 0x0000000712a00000, 0x0000000712a00000|100%| E|CS|TAMS 0x0000000712800000, 0x0000000712800000| Complete 
| 116|0x0000000712a00000, 0x0000000712c00000, 0x0000000712c00000|100%| E|CS|TAMS 0x0000000712a00000, 0x0000000712a00000| Complete 
| 117|0x0000000712c00000, 0x0000000712e00000, 0x0000000712e00000|100%| E|CS|TAMS 0x0000000712c00000, 0x0000000712c00000| Complete 
| 118|0x0000000712e00000, 0x0000000713000000, 0x0000000713000000|100%| E|CS|TAMS 0x0000000712e00000, 0x0000000712e00000| Complete 
| 119|0x0000000713000000, 0x0000000713200000, 0x0000000713200000|100%| E|CS|TAMS 0x0000000713000000, 0x0000000713000000| Complete 
| 120|0x0000000713200000, 0x0000000713400000, 0x0000000713400000|100%| E|CS|TAMS 0x0000000713200000, 0x0000000713200000| Complete 
| 121|0x0000000713400000, 0x0000000713600000, 0x0000000713600000|100%| E|CS|TAMS 0x0000000713400000, 0x0000000713400000| Complete 
| 122|0x0000000713600000, 0x0000000713800000, 0x0000000713800000|100%| E|CS|TAMS 0x0000000713600000, 0x0000000713600000| Complete 
| 123|0x0000000713800000, 0x0000000713a00000, 0x0000000713a00000|100%| E|CS|TAMS 0x0000000713800000, 0x0000000713800000| Complete 
| 124|0x0000000713a00000, 0x0000000713c00000, 0x0000000713c00000|100%| E|CS|TAMS 0x0000000713a00000, 0x0000000713a00000| Complete 
| 125|0x0000000713c00000, 0x0000000713e00000, 0x0000000713e00000|100%| E|CS|TAMS 0x0000000713c00000, 0x0000000713c00000| Complete 

Card table byte_map: [0x000001871a7f0000,0x000001871afd0000] _byte_map_base: 0x0000018716fcf000

Marking Bits (Prev, Next): (CMBitMap*) 0x00000187034910f0, (CMBitMap*) 0x0000018703491130
 Prev Bits: [0x000001871b7b0000, 0x000001871f6a8000)
 Next Bits: [0x000001871f6b0000, 0x00000187235a8000)

Polling page: 0x00000187012c0000

Metaspace:

Usage:
  Non-class:     17.86 MB used.
      Class:      2.42 MB used.
       Both:     20.29 MB used.

Virtual space:
  Non-class space:       64.00 MB reserved,      18.06 MB ( 28%) committed,  1 nodes.
      Class space:        1.00 GB reserved,       2.56 MB ( <1%) committed,  1 nodes.
             Both:        1.06 GB reserved,      20.62 MB (  2%) committed. 

Chunk freelists:
   Non-Class:  13.61 MB
       Class:  13.38 MB
        Both:  26.98 MB

MaxMetaspaceSize: unlimited
CompressedClassSpaceSize: 1.00 GB
Initial GC threshold: 21.00 MB
Current GC threshold: 21.00 MB
CDS: on
MetaspaceReclaimPolicy: balanced
 - commit_granule_bytes: 65536.
 - commit_granule_words: 8192.
 - virtual_space_node_default_size: 8388608.
 - enlarge_chunks_in_place: 1.
 - new_chunks_are_fully_committed: 0.
 - uncommit_free_chunks: 1.
 - use_allocation_guard: 0.
 - handle_deallocations: 1.


Internal statistics:

num_allocs_failed_limit: 0.
num_arena_births: 164.
num_arena_deaths: 0.
num_vsnodes_births: 2.
num_vsnodes_deaths: 0.
num_space_committed: 330.
num_space_uncommitted: 0.
num_chunks_returned_to_freelist: 0.
num_chunks_taken_from_freelist: 939.
num_chunk_merges: 0.
num_chunk_splits: 632.
num_chunks_enlarged: 477.
num_inconsistent_stats: 0.

CodeHeap 'non-profiled nmethods': size=120000Kb used=2469Kb max_used=2469Kb free=117530Kb
 bounds [0x00000187127b0000, 0x0000018712a20000, 0x0000018719ce0000]
CodeHeap 'profiled nmethods': size=120000Kb used=9737Kb max_used=9737Kb free=110262Kb
 bounds [0x000001870ace0000, 0x000001870b670000, 0x0000018712210000]
CodeHeap 'non-nmethods': size=5760Kb used=1209Kb max_used=1255Kb free=4550Kb
 bounds [0x0000018712210000, 0x0000018712480000, 0x00000187127b0000]
 total_blobs=5108 nmethods=4615 adapters=405
 compilation: enabled
              stopped_count=0, restarted_count=0
 full_count=0

Compilation events (20 events):
Event: 4.665 Thread 0x000001872602e630 4588       3       java.lang.invoke.InvokerBytecodeGenerator::emitPushArgument (150 bytes)
Event: 4.665 Thread 0x000001872602e630 nmethod 4588 0x000001870b657110 code [0x000001870b6573e0, 0x000001870b6582e8]
Event: 4.666 Thread 0x000001872602e630 4597       3       java.lang.invoke.LambdaForm$Name::<init> (44 bytes)
Event: 4.666 Thread 0x000001872602e630 nmethod 4597 0x000001870b658710 code [0x000001870b658920, 0x000001870b658f08]
Event: 4.666 Thread 0x000001872602e630 4598       3       java.lang.invoke.LambdaForm$NamedFunction::returnType (11 bytes)
Event: 4.667 Thread 0x000001872602e630 nmethod 4598 0x000001870b659210 code [0x000001870b659400, 0x000001870b659888]
Event: 4.667 Thread 0x000001872602e630 4599       3       sun.invoke.util.Wrapper::isSubwordOrInt (20 bytes)
Event: 4.667 Thread 0x000001872602e630 nmethod 4599 0x000001870b659a90 code [0x000001870b659c40, 0x000001870b65a058]
Event: 4.667 Thread 0x000001872602e630 4603       3       sun.invoke.util.Wrapper::isSingleWord (15 bytes)
Event: 4.667 Thread 0x000001872602e630 nmethod 4603 0x000001870b65a190 code [0x000001870b65a320, 0x000001870b65a498]
Event: 4.675 Thread 0x000001872602e630 4605       3       java.nio.MappedByteBuffer::position (6 bytes)
Event: 4.675 Thread 0x000001872602e630 nmethod 4605 0x000001870b65a510 code [0x000001870b65a6c0, 0x000001870b65a8c8]
Event: 4.675 Thread 0x000001872602d770 4606       4       jdk.internal.loader.BuiltinClassLoader::findLoadedModule (33 bytes)
Event: 4.675 Thread 0x000001872602e630 4610       3       java.nio.MappedByteBuffer::<init> (24 bytes)
Event: 4.675 Thread 0x000001872602e630 nmethod 4610 0x000001870b65aa10 code [0x000001870b65abc0, 0x000001870b65ad88]
Event: 4.675 Thread 0x000001872602e630 4608   !   3       jdk.internal.jimage.BasicImageReader::slice (32 bytes)
Event: 4.676 Thread 0x000001872602e630 nmethod 4608 0x000001870b65ae90 code [0x000001870b65b060, 0x000001870b65b488]
Event: 4.676 Thread 0x000001872602e630 4609       3       java.nio.DirectByteBufferR::<init> (25 bytes)
Event: 4.676 Thread 0x000001872602e630 nmethod 4609 0x000001870b65b610 code [0x000001870b65b7a0, 0x000001870b65b928]
Event: 4.676 Thread 0x000001872602e630 4607   !   3       jdk.internal.jimage.BasicImageReader::getResourceBuffer (203 bytes)

GC Heap History (4 events):
Event: 0.711 GC heap before
{Heap before GC invocations=0 (full 0):
 garbage-first heap   total 258048K, used 22528K [0x0000000704200000, 0x0000000800000000)
  region size 2048K, 11 young (22528K), 0 survivors (0K)
 Metaspace       used 5365K, committed 5568K, reserved 1114112K
  class space    used 643K, committed 768K, reserved 1048576K
}
Event: 0.714 GC heap after
{Heap after GC invocations=1 (full 0):
 garbage-first heap   total 258048K, used 3717K [0x0000000704200000, 0x0000000800000000)
  region size 2048K, 2 young (4096K), 2 survivors (4096K)
 Metaspace       used 5365K, committed 5568K, reserved 1114112K
  class space    used 643K, committed 768K, reserved 1048576K
}
Event: 2.154 GC heap before
{Heap before GC invocations=1 (full 0):
 garbage-first heap   total 258048K, used 34437K [0x0000000704200000, 0x0000000800000000)
  region size 2048K, 17 young (34816K), 2 survivors (4096K)
 Metaspace       used 8572K, committed 8704K, reserved 1114112K
  class space    used 1033K, committed 1088K, reserved 1048576K
}
Event: 2.157 GC heap after
{Heap after GC invocations=2 (full 0):
 garbage-first heap   total 258048K, used 4984K [0x0000000704200000, 0x0000000800000000)
  region size 2048K, 1 young (2048K), 1 survivors (2048K)
 Metaspace       used 8572K, committed 8704K, reserved 1114112K
  class space    used 1033K, committed 1088K, reserved 1048576K
}

Deoptimization events (20 events):
Event: 4.616 Thread 0x0000018703420dc0 Uncommon trap: trap_request=0xffffffde fr.pc=0x000001871298fa80 relative=0x0000000000000160
Event: 4.616 Thread 0x0000018703420dc0 Uncommon trap: reason=class_check action=maybe_recompile pc=0x000001871298fa80 method=java.util.stream.StreamOpFlag.fromCharacteristics(Ljava/util/Spliterator;)I @ 14 c2
Event: 4.616 Thread 0x0000018703420dc0 DEOPT PACKING pc=0x000001871298fa80 sp=0x000000213dbfd460
Event: 4.616 Thread 0x0000018703420dc0 DEOPT UNPACKING pc=0x0000018712265ba3 sp=0x000000213dbfd3b0 mode 2
Event: 4.619 Thread 0x0000018703420dc0 Uncommon trap: trap_request=0xffffff45 fr.pc=0x0000018712a087cc relative=0x000000000000014c
Event: 4.619 Thread 0x0000018703420dc0 Uncommon trap: reason=unstable_if action=reinterpret pc=0x0000018712a087cc method=java.util.Arrays.hashCode([B)I @ 1 c2
Event: 4.619 Thread 0x0000018703420dc0 DEOPT PACKING pc=0x0000018712a087cc sp=0x000000213dbfd5e0
Event: 4.619 Thread 0x0000018703420dc0 DEOPT UNPACKING pc=0x0000018712265ba3 sp=0x000000213dbfd550 mode 2
Event: 4.620 Thread 0x0000018703420dc0 Uncommon trap: trap_request=0xffffff45 fr.pc=0x0000018712a095f4 relative=0x00000000000000d4
Event: 4.621 Thread 0x0000018703420dc0 Uncommon trap: reason=unstable_if action=reinterpret pc=0x0000018712a095f4 method=jdk.nio.zipfs.ZipConstants.pkSigAt([BIII)Z @ 5 c2
Event: 4.621 Thread 0x0000018703420dc0 DEOPT PACKING pc=0x0000018712a095f4 sp=0x000000213dbfd440
Event: 4.621 Thread 0x0000018703420dc0 DEOPT UNPACKING pc=0x0000018712265ba3 sp=0x000000213dbfd3e8 mode 2
Event: 4.630 Thread 0x0000018703420dc0 Uncommon trap: trap_request=0xffffff76 fr.pc=0x0000018712a0bfc4 relative=0x00000000000001a4
Event: 4.630 Thread 0x0000018703420dc0 Uncommon trap: reason=predicate action=maybe_recompile pc=0x0000018712a0bfc4 method=java.util.LinkedHashMap.valuesToArray([Ljava/lang/Object;)[Ljava/lang/Object; @ 12 c2
Event: 4.630 Thread 0x0000018703420dc0 DEOPT PACKING pc=0x0000018712a0bfc4 sp=0x000000213dbfd4d0
Event: 4.630 Thread 0x0000018703420dc0 DEOPT UNPACKING pc=0x0000018712265ba3 sp=0x000000213dbfd488 mode 2
Event: 4.662 Thread 0x0000018703420dc0 Uncommon trap: trap_request=0xffffff45 fr.pc=0x000001871289bc0c relative=0x000000000000008c
Event: 4.662 Thread 0x0000018703420dc0 Uncommon trap: reason=unstable_if action=reinterpret pc=0x000001871289bc0c method=java.lang.invoke.VarForm.getMemberNameOrNull(I)Ljava/lang/invoke/MemberName; @ 8 c2
Event: 4.663 Thread 0x0000018703420dc0 DEOPT PACKING pc=0x000001871289bc0c sp=0x000000213dbfd9c0
Event: 4.663 Thread 0x0000018703420dc0 DEOPT UNPACKING pc=0x0000018712265ba3 sp=0x000000213dbfd8e8 mode 2

Classes unloaded (0 events):
No events

Classes redefined (0 events):
No events

Internal exceptions (20 events):
Event: 4.058 Thread 0x0000018703420dc0 Implicit null exception at 0x000001871283bed8 to 0x000001871283bf6e
Event: 4.092 Thread 0x0000018703420dc0 Exception <a 'sun/nio/fs/WindowsException'{0x000000070db12328}> (0x000000070db12328) 
thrown [s\open\src\hotspot\share\prims\jni.cpp, line 516]
Event: 4.092 Thread 0x0000018703420dc0 Exception <a 'sun/nio/fs/WindowsException'{0x000000070db12930}> (0x000000070db12930) 
thrown [s\open\src\hotspot\share\prims\jni.cpp, line 516]
Event: 4.092 Thread 0x0000018703420dc0 Exception <a 'sun/nio/fs/WindowsException'{0x000000070db12b88}> (0x000000070db12b88) 
thrown [s\open\src\hotspot\share\prims\jni.cpp, line 516]
Event: 4.092 Thread 0x0000018703420dc0 Exception <a 'sun/nio/fs/WindowsException'{0x000000070db13760}> (0x000000070db13760) 
thrown [s\open\src\hotspot\share\prims\jni.cpp, line 516]
Event: 4.092 Thread 0x0000018703420dc0 Exception <a 'sun/nio/fs/WindowsException'{0x000000070db13d50}> (0x000000070db13d50) 
thrown [s\open\src\hotspot\share\prims\jni.cpp, line 516]
Event: 4.092 Thread 0x0000018703420dc0 Exception <a 'sun/nio/fs/WindowsException'{0x000000070db13fc0}> (0x000000070db13fc0) 
thrown [s\open\src\hotspot\share\prims\jni.cpp, line 516]
Event: 4.092 Thread 0x0000018703420dc0 Exception <a 'sun/nio/fs/WindowsException'{0x000000070db14b88}> (0x000000070db14b88) 
thrown [s\open\src\hotspot\share\prims\jni.cpp, line 516]
Event: 4.092 Thread 0x0000018703420dc0 Exception <a 'sun/nio/fs/WindowsException'{0x000000070db15178}> (0x000000070db15178) 
thrown [s\open\src\hotspot\share\prims\jni.cpp, line 516]
Event: 4.092 Thread 0x0000018703420dc0 Exception <a 'sun/nio/fs/WindowsException'{0x000000070db153d0}> (0x000000070db153d0) 
thrown [s\open\src\hotspot\share\prims\jni.cpp, line 516]
Event: 4.221 Thread 0x0000018703420dc0 Exception <a 'java/lang/NoSuchMethodError'{0x000000070d108590}: 'int java.lang.invoke.DirectMethodHandle$Holder.invokeStatic(java.lang.Object, java.lang.Object, int)'> (0x000000070d108590) 
thrown [s\open\src\hotspot\share\interpreter\linkResolver.cpp, line 759]
Event: 4.420 Thread 0x0000018703420dc0 Exception <a 'sun/nio/fs/WindowsException'{0x000000070c5d8da0}> (0x000000070c5d8da0) 
thrown [s\open\src\hotspot\share\prims\jni.cpp, line 516]
Event: 4.429 Thread 0x0000018703420dc0 Exception <a 'java/lang/IncompatibleClassChangeError'{0x000000070c229630}: Found class java.lang.Object, but interface was expected> (0x000000070c229630) 
thrown [s\open\src\hotspot\share\interpreter\linkResolver.cpp, line 826]
Event: 4.430 Thread 0x0000018703420dc0 Exception <a 'java/lang/NoSuchMethodError'{0x000000070c22f288}: 'void java.lang.invoke.DirectMethodHandle$Holder.invokeInterface(java.lang.Object, java.lang.Object, java.lang.Object)'> (0x000000070c22f288) 
thrown [s\open\src\hotspot\share\interpreter\linkResolver.cpp, line 759]
Event: 4.498 Thread 0x0000018703420dc0 Exception <a 'java/lang/NoSuchMethodError'{0x000000070c35bf38}: 'int java.lang.invoke.DirectMethodHandle$Holder.invokeInterface(java.lang.Object, java.lang.Object)'> (0x000000070c35bf38) 
thrown [s\open\src\hotspot\share\interpreter\linkResolver.cpp, line 759]
Event: 4.560 Thread 0x0000018703420dc0 Exception <a 'java/lang/NoSuchMethodError'{0x000000070c157c28}: 'int java.lang.invoke.DirectMethodHandle$Holder.invokeVirtual(java.lang.Object, java.lang.Object, java.lang.Object)'> (0x000000070c157c28) 
thrown [s\open\src\hotspot\share\interpreter\linkResolver.cpp, line 759]
Event: 4.563 Thread 0x0000018703420dc0 Exception <a 'java/lang/NoSuchMethodError'{0x000000070c1662b8}: 'int java.lang.invoke.DirectMethodHandle$Holder.invokeStaticInit(java.lang.Object, java.lang.Object, java.lang.Object)'> (0x000000070c1662b8) 
thrown [s\open\src\hotspot\share\interpreter\linkResolver.cpp, line 759]
Event: 4.619 Thread 0x0000018703420dc0 Implicit null exception at 0x0000018712a0868c to 0x0000018712a087be
Event: 4.663 Thread 0x0000018703420dc0 Exception <a 'sun/nio/fs/WindowsException'{0x000000070b912aa0}> (0x000000070b912aa0) 
thrown [s\open\src\hotspot\share\prims\jni.cpp, line 516]
Event: 4.663 Thread 0x0000018703420dc0 Exception <a 'sun/nio/fs/WindowsException'{0x000000070b912d30}> (0x000000070b912d30) 
thrown [s\open\src\hotspot\share\prims\jni.cpp, line 516]

VM Operations (20 events):
Event: 4.080 Executing VM operation: HandshakeAllThreads done
Event: 4.257 Executing VM operation: ICBufferFull
Event: 4.257 Executing VM operation: ICBufferFull done
Event: 4.458 Executing VM operation: HandshakeAllThreads
Event: 4.458 Executing VM operation: HandshakeAllThreads done
Event: 4.496 Executing VM operation: HandshakeAllThreads
Event: 4.496 Executing VM operation: HandshakeAllThreads done
Event: 4.567 Executing VM operation: HandshakeAllThreads
Event: 4.567 Executing VM operation: HandshakeAllThreads done
Event: 4.570 Executing VM operation: HandshakeAllThreads
Event: 4.570 Executing VM operation: HandshakeAllThreads done
Event: 4.576 Executing VM operation: HandshakeAllThreads
Event: 4.577 Executing VM operation: HandshakeAllThreads done
Event: 4.645 Executing VM operation: ICBufferFull
Event: 4.645 Executing VM operation: ICBufferFull done
Event: 4.649 Executing VM operation: HandshakeAllThreads
Event: 4.649 Executing VM operation: HandshakeAllThreads done
Event: 4.650 Executing VM operation: HandshakeAllThreads
Event: 4.650 Executing VM operation: HandshakeAllThreads done
Event: 5.652 Executing VM operation: Cleanup

Events (20 events):
Event: 4.643 loading class jdk/internal/jrtfs/SystemImage$2
Event: 4.643 loading class jdk/internal/jrtfs/SystemImage$2 done
Event: 4.643 loading class jdk/internal/jimage/ImageReader$Directory
Event: 4.643 loading class jdk/internal/jimage/ImageReader$Node
Event: 4.643 loading class jdk/internal/jimage/ImageReader$Node done
Event: 4.643 loading class jdk/internal/jimage/ImageReader$Directory done
Event: 4.643 loading class jdk/internal/jrtfs/SystemImage$1
Event: 4.643 loading class jdk/internal/jrtfs/SystemImage$1 done
Event: 4.645 loading class java/util/regex/PatternSyntaxException
Event: 4.645 loading class java/util/regex/PatternSyntaxException done
Event: 4.646 loading class java/io/BufferedReader$1
Event: 4.646 loading class java/io/BufferedReader$1 done
Event: 4.648 loading class jdk/internal/jimage/ImageReader$SharedImageReader$LocationVisitor
Event: 4.648 loading class jdk/internal/jimage/ImageReader$SharedImageReader$LocationVisitor done
Event: 4.649 loading class java/nio/ByteBufferAsIntBufferL
Event: 4.649 loading class java/nio/ByteBufferAsIntBufferL done
Event: 4.650 loading class jdk/internal/jimage/ImageReader$Resource
Event: 4.650 loading class jdk/internal/jimage/ImageReader$Resource done
Event: 4.651 loading class jdk/internal/jrtfs/JrtFileAttributes
Event: 4.651 loading class jdk/internal/jrtfs/JrtFileAttributes done


Dynamic libraries:
0x00007ff620dd0000 - 0x00007ff620de0000 	C:\Program Files\Java\jdk-17\bin\java.exe
0x00007ffa83220000 - 0x00007ffa83487000 	C:\WINDOWS\SYSTEM32\ntdll.dll
0x00007ffa82960000 - 0x00007ffa82a29000 	C:\WINDOWS\System32\KERNEL32.DLL
0x00007ffa7fd80000 - 0x00007ffa80177000 	C:\WINDOWS\System32\KERNELBASE.dll
0x00007ffa802f0000 - 0x00007ffa8043b000 	C:\WINDOWS\System32\ucrtbase.dll
0x00007ffa68550000 - 0x00007ffa6856b000 	C:\Program Files\Java\jdk-17\bin\VCRUNTIME140.dll
0x00007ffa683e0000 - 0x00007ffa683f9000 	C:\Program Files\Java\jdk-17\bin\jli.dll
0x00007ffa82580000 - 0x00007ffa82636000 	C:\WINDOWS\System32\ADVAPI32.dll
0x00007ffa824c0000 - 0x00007ffa82569000 	C:\WINDOWS\System32\msvcrt.dll
0x00007ffa83130000 - 0x00007ffa831d7000 	C:\WINDOWS\System32\sechost.dll
0x00007ffa82840000 - 0x00007ffa82958000 	C:\WINDOWS\System32\RPCRT4.dll
0x00007ffa81cb0000 - 0x00007ffa81e76000 	C:\WINDOWS\System32\USER32.dll
0x00007ffa802c0000 - 0x00007ffa802e7000 	C:\WINDOWS\System32\win32u.dll
0x00007ffa63b70000 - 0x00007ffa63e02000 	C:\WINDOWS\WinSxS\amd64_microsoft.windows.common-controls_6595b64144ccf1df_6.0.26100.8457_none_3e0b2faee331e92d\COMCTL32.dll
0x00007ffa81ab0000 - 0x00007ffa81adb000 	C:\WINDOWS\System32\GDI32.dll
0x00007ffa7fc50000 - 0x00007ffa7fd7c000 	C:\WINDOWS\System32\gdi32full.dll
0x00007ffa80210000 - 0x00007ffa802b3000 	C:\WINDOWS\System32\msvcp_win.dll
0x00007ffa6e900000 - 0x00007ffa6e90b000 	C:\WINDOWS\SYSTEM32\VERSION.dll
0x00007ffa82480000 - 0x00007ffa824b2000 	C:\WINDOWS\System32\IMM32.DLL
0x00007ffa7d0f0000 - 0x00007ffa7d0fc000 	C:\Program Files\Java\jdk-17\bin\vcruntime140_1.dll
0x00007ffa541c0000 - 0x00007ffa5424e000 	C:\Program Files\Java\jdk-17\bin\msvcp140.dll
0x00007ffa0dd60000 - 0x00007ffa0e940000 	C:\Program Files\Java\jdk-17\bin\server\jvm.dll
0x00007ffa82570000 - 0x00007ffa82578000 	C:\WINDOWS\System32\PSAPI.DLL
0x00007ffa5ab40000 - 0x00007ffa5ab4a000 	C:\WINDOWS\SYSTEM32\WSOCK32.dll
0x00007ffa82a40000 - 0x00007ffa82ac0000 	C:\WINDOWS\System32\WS2_32.dll
0x00007ffa77c30000 - 0x00007ffa77c66000 	C:\WINDOWS\SYSTEM32\WINMM.dll
0x00007ffa7e9e0000 - 0x00007ffa7e9fb000 	C:\WINDOWS\SYSTEM32\kernel.appcore.dll
0x00007ffa7adb0000 - 0x00007ffa7adba000 	C:\Program Files\Java\jdk-17\bin\jimage.dll
0x00007ffa7dc30000 - 0x00007ffa7de72000 	C:\WINDOWS\SYSTEM32\DBGHELP.DLL
0x00007ffa81720000 - 0x00007ffa81aa3000 	C:\WINDOWS\System32\combase.dll
0x00007ffa823a0000 - 0x00007ffa82479000 	C:\WINDOWS\System32\OLEAUT32.dll
0x00007ffa5eee0000 - 0x00007ffa5ef1b000 	C:\WINDOWS\SYSTEM32\dbgcore.DLL
0x00007ffa80440000 - 0x00007ffa804e8000 	C:\WINDOWS\System32\bcryptPrimitives.dll
0x00007ffa54400000 - 0x00007ffa54425000 	C:\Program Files\Java\jdk-17\bin\java.dll
0x00007ffa458c0000 - 0x00007ffa45997000 	C:\Program Files\Java\jdk-17\bin\jsvml.dll
0x00007ffa80fa0000 - 0x00007ffa8170e000 	C:\WINDOWS\System32\SHELL32.dll
0x00007ffa804f0000 - 0x00007ffa80d5c000 	C:\WINDOWS\System32\windows.storage.dll
0x00007ffa81bb0000 - 0x00007ffa81ca6000 	C:\WINDOWS\System32\SHCORE.dll
0x00007ffa82b90000 - 0x00007ffa82bf6000 	C:\WINDOWS\System32\shlwapi.dll
0x00007ffa7fb70000 - 0x00007ffa7fb99000 	C:\WINDOWS\SYSTEM32\profapi.dll
0x00007ffa54580000 - 0x00007ffa54599000 	C:\Program Files\Java\jdk-17\bin\net.dll
0x00007ffa71a30000 - 0x00007ffa71b59000 	C:\WINDOWS\SYSTEM32\WINHTTP.dll
0x00007ffa7ef50000 - 0x00007ffa7efbc000 	C:\WINDOWS\system32\mswsock.dll
0x00007ffa54330000 - 0x00007ffa54346000 	C:\Program Files\Java\jdk-17\bin\nio.dll
0x00007ffa54310000 - 0x00007ffa54328000 	C:\Program Files\Java\jdk-17\bin\zip.dll
0x00007ffa542e0000 - 0x00007ffa54304000 	C:\Users\Vedavarshini\.m2\wrapper\dists\apache-maven-3.9.15\0226a00282e400185496f3b60ec5a3f029cbdc6893912937d4876d57695224e1\lib\jansi-native\Windows\x86_64\jansi.dll
0x00007ffa68a50000 - 0x00007ffa68a60000 	C:\Program Files\Java\jdk-17\bin\verify.dll

dbghelp: loaded successfully - version: 4.0.5 - missing functions: none
symbol engine: initialized successfully - sym options: 0x614 - pdb path: .;C:\Program Files\Java\jdk-17\bin;C:\WINDOWS\SYSTEM32;C:\WINDOWS\WinSxS\amd64_microsoft.windows.common-controls_6595b64144ccf1df_6.0.26100.8457_none_3e0b2faee331e92d;C:\Program Files\Java\jdk-17\bin\server;C:\Users\Vedavarshini\.m2\wrapper\dists\apache-maven-3.9.15\0226a00282e400185496f3b60ec5a3f029cbdc6893912937d4876d57695224e1\lib\jansi-native\Windows\x86_64

VM Arguments:
jvm_args: --enable-native-access=ALL-UNNAMED -Dclassworlds.conf=C:\Users\Vedavarshini\.m2\wrapper\dists\apache-maven-3.9.15\0226a00282e400185496f3b60ec5a3f029cbdc6893912937d4876d57695224e1\bin\m2.conf -Dmaven.home=C:\Users\Vedavarshini\.m2\wrapper\dists\apache-maven-3.9.15\0226a00282e400185496f3b60ec5a3f029cbdc6893912937d4876d57695224e1 -Dlibrary.jansi.path=C:\Users\Vedavarshini\.m2\wrapper\dists\apache-maven-3.9.15\0226a00282e400185496f3b60ec5a3f029cbdc6893912937d4876d57695224e1\lib\jansi-native -Dmaven.multiModuleProjectDirectory=E:\microservices-system\cicd-demo 
java_command: org.codehaus.plexus.classworlds.launcher.Launcher clean package
java_class_path (initial): C:\Users\Vedavarshini\.m2\wrapper\dists\apache-maven-3.9.15\0226a00282e400185496f3b60ec5a3f029cbdc6893912937d4876d57695224e1\boot\plexus-classworlds-2.9.0.jar
Launcher Type: SUN_STANDARD

[Global flags]
     intx CICompilerCount                          = 4                                         {product} {ergonomic}
     uint ConcGCThreads                            = 2                                         {product} {ergonomic}
     uint G1ConcRefinementThreads                  = 8                                         {product} {ergonomic}
   size_t G1HeapRegionSize                         = 2097152                                   {product} {ergonomic}
    uintx GCDrainStackTargetSize                   = 64                                        {product} {ergonomic}
   size_t InitialHeapSize                          = 264241152                                 {product} {ergonomic}
   size_t MarkStackSize                            = 4194304                                   {product} {ergonomic}
   size_t MaxHeapSize                              = 4225761280                                {product} {ergonomic}
   size_t MaxNewSize                               = 2535456768                                {product} {ergonomic}
   size_t MinHeapDeltaBytes                        = 2097152                                   {product} {ergonomic}
   size_t MinHeapSize                              = 8388608                                   {product} {ergonomic}
    uintx NonNMethodCodeHeapSize                   = 5839372                                {pd product} {ergonomic}
    uintx NonProfiledCodeHeapSize                  = 122909434                              {pd product} {ergonomic}
    uintx ProfiledCodeHeapSize                     = 122909434                              {pd product} {ergonomic}
    uintx ReservedCodeCacheSize                    = 251658240                              {pd product} {ergonomic}
     bool SegmentedCodeCache                       = true                                      {product} {ergonomic}
   size_t SoftMaxHeapSize                          = 4225761280                             {manageable} {ergonomic}
     bool UseCompressedClassPointers               = true                           {product lp64_product} {ergonomic}
     bool UseCompressedOops                        = true                           {product lp64_product} {ergonomic}
     bool UseG1GC                                  = true                                      {product} {ergonomic}
     bool UseLargePagesIndividualAllocation        = false                                  {pd product} {ergonomic}

Logging:
Log output configuration:
 #0: stdout all=warning uptime,level,tags
 #1: stderr all=off uptime,level,tags

Environment Variables:
JAVA_HOME=C:\Program Files\Java\jdk-17
PATH=C:\Python314\Scripts\;C:\Python314\;C:\Program Files\Common Files\Oracle\Java\javapath;C:\ProgramData\Oracle\Java\javapath;C:\os\bin;C:\WINDOWS\system32;C:\WINDOWS;C:\WINDOWS\System32\Wbem;C:\WINDOWS\System32\WindowsPowerShell\v1.0\;C:\WINDOWS\System32\OpenSSH\;C:\Program Files\Java\jdk-17.0.2\bin;C:\Program Files\dotnet\;C:\Program Files (x86)\Microsoft SQL Server\90\Tools\binn\;C:\Program Files (x86)\Microsoft SQL Server\160\Tools\Binn\;C:\Program Files\Microsoft SQL Server\160\Tools\Binn\;C:\Program Files\Microsoft SQL Server\Client SDK\ODBC\170\Tools\Binn\;C:\Program Files\Microsoft SQL Server\160\DTS\Binn\;C:\MinGW\bin;C:\Program Files\Git\cmd;C:\Program Files\Docker\Docker\resources\bin;C:\Program Files\nodejs\;C:\ProgramData\chocolatey\bin;C:\Program Files\MySQL\MySQL Shell 8.0\bin\;C:\Users\Vedavarshini\AppData\Local\Programs\Python\Python312\Scripts\;C:\Users\Vedavarshini\AppData\Local\Programs\Python\Python312\;C:\Users\Vedavarshini\AppData\Local\Microsoft\WindowsApps;C:\Program Files\Java\java-se-8u41-ri\bin;C:\Users\Vedavarshini\AppData\Local\Programs\Microsoft VS Code\bin;C:\Program Files\JetBrains\PyCharm 2024.1.3\bin;;C:\Program Files\JetBrains\IntelliJ IDEA Community Edition 2024.3\bin;;D:\John\john-1.9.0-jumbo-1-win64\john-1.9.0-jumbo-1-win64\run;C:\Users\Vedavarshini\AppData\Roaming\npm
USERNAME=Vedavarshini
OS=Windows_NT
PROCESSOR_IDENTIFIER=Intel64 Family 6 Model 140 Stepping 1, GenuineIntel



---------------  S Y S T E M  ---------------

OS:
 Windows 11 , 64 bit Build 26100 (10.0.26100.8328)
OS uptime: 8 days 17:57 hours
Hyper-V role detected

CPU: total 8 (initial active 8) (4 cores per cpu, 2 threads per core) family 6 model 140 stepping 1 microcode 0xbe, cx8, cmov, fxsr, ht, mmx, 3dnowpref, sse, sse2, sse3, ssse3, sse4.1, sse4.2, popcnt, lzcnt, tsc, tscinvbit, avx, avx2, aes, erms, clmul, bmi1, bmi2, adx, avx512f, avx512dq, avx512cd, avx512bw, avx512vl, sha, fma, vzeroupper, avx512_vpopcntdq, avx512_vpclmulqdq, avx512_vaes, avx512_vnni, clflush, clflushopt, clwb, avx512_vbmi2, avx512_vbmi, hv

Memory: 4k page, system-wide physical 16118M (3473M free)
TotalPageFile size 24310M (AvailPageFile size 5M)
current process WorkingSet (physical memory assigned to process): 248M, peak: 254M
current process commit charge ("private bytes"): 402M, peak: 410M

vm_info: Java HotSpot(TM) 64-Bit Server VM (17.0.12+8-LTS-286) for windows-amd64 JRE (17.0.12+8-LTS-286), built on Jun  5 2024 06:46:59 by "mach5one" with MS VC++ 17.6 (VS2022)

END.
