#
# There is insufficient memory for the Java Runtime Environment to continue.
# Native memory allocation (mmap) failed to map 264241152 bytes for G1 virtual space
# Possible reasons:
#   The system is out of physical RAM or swap space
#   The process is running with CompressedOops enabled, and the Java Heap may be blocking the growth of the native heap
# Possible solutions:
#   Reduce memory load on the system
#   Increase physical memory or swap space
#   Check if swap backing store is full
#   Decrease Java heap size (-Xmx/-Xms)
#   Decrease number of Java threads
#   Decrease Java thread stack sizes (-Xss)
#   Set larger code cache with -XX:ReservedCodeCacheSize=
#   JVM is running with Zero Based Compressed Oops mode in which the Java heap is
#     placed in the first 32GB address space. The Java Heap base address is the
#     maximum limit for the native heap growth. Please use -XX:HeapBaseMinAddress
#     to set the Java Heap base and to place the Java Heap above 32GB virtual address.
# This output file may be truncated or incomplete.
#
#  Out of Memory Error (os_windows.cpp:3548), pid=22912, tid=2708
#
# JRE version:  (17.0.12+8) (build )
# Java VM: Java HotSpot(TM) 64-Bit Server VM (17.0.12+8-LTS-286, mixed mode, sharing, tiered, compressed oops, compressed class ptrs, g1 gc, windows-amd64)
# No core dump will be written. Minidumps are not enabled by default on client versions of Windows
#

---------------  S U M M A R Y ------------

Command Line: -Dnet.bytebuddy.agent.attacher.dump= net.bytebuddy.agent.Attacher com.sun.tools.attach.VirtualMachine 5816 C:\Users\Vedavarshini\.m2\repository\net\bytebuddy\byte-buddy-agent\1.17.8\byte-buddy-agent-1.17.8.jar false 

Host: 11th Gen Intel(R) Core(TM) i5-1135G7 @ 2.40GHz, 8 cores, 15G,  Windows 11 , 64 bit Build 26100 (10.0.26100.8328)
Time: Mon May 25 18:03:13 2026 India Standard Time elapsed time: 2.039919 seconds (0d 0h 0m 2s)

---------------  T H R E A D  ---------------

Current thread (0x000001d0383234f0):  JavaThread "Unknown thread" [_thread_in_vm, id=2708, stack(0x000000732f900000,0x000000732fa00000)]

Stack: [0x000000732f900000,0x000000732fa00000]
Native frames: (J=compiled Java code, j=interpreted, Vv=VM code, C=native code)
V  [jvm.dll+0x67a04a]
V  [jvm.dll+0x7da4ed]
V  [jvm.dll+0x7dbe33]
V  [jvm.dll+0x7dc4a3]
V  [jvm.dll+0x24508f]
V  [jvm.dll+0x677089]
V  [jvm.dll+0x66bd32]
V  [jvm.dll+0x301fa6]
V  [jvm.dll+0x309546]
V  [jvm.dll+0x359d2e]
V  [jvm.dll+0x359f5f]
V  [jvm.dll+0x2d9078]
V  [jvm.dll+0x2d9fe4]
V  [jvm.dll+0x7aca21]
V  [jvm.dll+0x367591]
V  [jvm.dll+0x78b999]
V  [jvm.dll+0x3ec83f]
V  [jvm.dll+0x3ee471]
C  [jli.dll+0x5297]
C  [ucrtbase.dll+0x37b0]
C  [KERNEL32.DLL+0x2e957]
C  [ntdll.dll+0x427c]


---------------  P R O C E S S  ---------------

Threads class SMR info:
_java_thread_list=0x00007ffa0e817a18, length=0, elements={
}

Java Threads: ( => current thread )

Other Threads:
  0x000001d03838fa70 GCTaskThread "GC Thread#0" [stack: 0x000000732fa00000,0x000000732fb00000] [id=17412]
  0x000001d0383a0490 ConcurrentGCThread "G1 Main Marker" [stack: 0x000000732fb00000,0x000000732fc00000] [id=22072]
  0x000001d0383a0da0 ConcurrentGCThread "G1 Conc#0" [stack: 0x000000732fc00000,0x000000732fd00000] [id=22668]

[error occurred during error reporting (printing all threads), id 0xc0000005, EXCEPTION_ACCESS_VIOLATION (0xc0000005) at pc=0x00007ffa0e049b67]

VM state: not at safepoint (not fully initialized)

VM Mutex/Monitor currently owned by a thread:  ([mutex/lock_event])
[0x000001d03831e460] Heap_lock - owner thread: 0x000001d0383234f0

Heap address: 0x0000000704200000, size: 4030 MB, Compressed Oops mode: Zero based, Oop shift amount: 3

CDS archive(s) mapped at: [0x0000000000000000-0x0000000000000000-0x0000000000000000), size 0, SharedBaseAddress: 0x0000000800000000, ArchiveRelocationMode: 1.
Narrow klass base: 0x0000000000000000, Narrow klass shift: 0, Narrow klass range: 0x0

GC Precious Log:
<Empty>

Heap:
 garbage-first heap   total 0K, used 0K [0x0000000704200000, 0x0000000800000000)
  region size 2048K, 0 young (0K), 0 survivors (0K)

[error occurred during error reporting (printing heap information), id 0xc0000005, EXCEPTION_ACCESS_VIOLATION (0xc0000005) at pc=0x00007ffa0e433859]

GC Heap History (0 events):
No events

Deoptimization events (0 events):
No events

Classes unloaded (0 events):
No events

Classes redefined (0 events):
No events

Internal exceptions (0 events):
No events

VM Operations (0 events):
No events

Events (1 events):
Event: 0.007 Loaded shared library C:\Program Files\Java\jdk-17\bin\java.dll


Dynamic libraries:
0x00007ff620dd0000 - 0x00007ff620de0000 	C:\Program Files\Java\jdk-17\bin\java.exe
0x00007ffa83220000 - 0x00007ffa83487000 	C:\WINDOWS\SYSTEM32\ntdll.dll
0x00007ffa82960000 - 0x00007ffa82a29000 	C:\WINDOWS\System32\KERNEL32.DLL
0x00007ffa7fd80000 - 0x00007ffa80177000 	C:\WINDOWS\System32\KERNELBASE.dll
0x00007ffa802f0000 - 0x00007ffa8043b000 	C:\WINDOWS\System32\ucrtbase.dll
0x00007ffa68a50000 - 0x00007ffa68a69000 	C:\Program Files\Java\jdk-17\bin\jli.dll
0x00007ffa68550000 - 0x00007ffa6856b000 	C:\Program Files\Java\jdk-17\bin\VCRUNTIME140.dll
0x00007ffa82580000 - 0x00007ffa82636000 	C:\WINDOWS\System32\ADVAPI32.dll
0x00007ffa824c0000 - 0x00007ffa82569000 	C:\WINDOWS\System32\msvcrt.dll
0x00007ffa83130000 - 0x00007ffa831d7000 	C:\WINDOWS\System32\sechost.dll
0x00007ffa82840000 - 0x00007ffa82958000 	C:\WINDOWS\System32\RPCRT4.dll
0x00007ffa81cb0000 - 0x00007ffa81e76000 	C:\WINDOWS\System32\USER32.dll
0x00007ffa802c0000 - 0x00007ffa802e7000 	C:\WINDOWS\System32\win32u.dll
0x00007ffa63b70000 - 0x00007ffa63e02000 	C:\WINDOWS\WinSxS\amd64_microsoft.windows.common-controls_6595b64144ccf1df_6.0.26100.8457_none_3e0b2faee331e92d\COMCTL32.dll
0x00007ffa81ab0000 - 0x00007ffa81adb000 	C:\WINDOWS\System32\GDI32.dll
0x00007ffa7fc50000 - 0x00007ffa7fd7c000 	C:\WINDOWS\System32\gdi32full.dll
0x00007ffa80210000 - 0x00007ffa802b3000 	C:\WINDOWS\System32\msvcp_win.dll
0x00007ffa6e900000 - 0x00007ffa6e90b000 	C:\WINDOWS\SYSTEM32\VERSION.dll
0x00007ffa82480000 - 0x00007ffa824b2000 	C:\WINDOWS\System32\IMM32.DLL
0x00007ffa7d0f0000 - 0x00007ffa7d0fc000 	C:\Program Files\Java\jdk-17\bin\vcruntime140_1.dll
0x00007ffa541c0000 - 0x00007ffa5424e000 	C:\Program Files\Java\jdk-17\bin\msvcp140.dll
0x00007ffa0dd60000 - 0x00007ffa0e940000 	C:\Program Files\Java\jdk-17\bin\server\jvm.dll
0x00007ffa82570000 - 0x00007ffa82578000 	C:\WINDOWS\System32\PSAPI.DLL
0x00007ffa77c30000 - 0x00007ffa77c66000 	C:\WINDOWS\SYSTEM32\WINMM.dll
0x00007ffa5ab40000 - 0x00007ffa5ab4a000 	C:\WINDOWS\SYSTEM32\WSOCK32.dll
0x00007ffa82a40000 - 0x00007ffa82ac0000 	C:\WINDOWS\System32\WS2_32.dll
0x00007ffa7e9e0000 - 0x00007ffa7e9fb000 	C:\WINDOWS\SYSTEM32\kernel.appcore.dll
0x00007ffa7adb0000 - 0x00007ffa7adba000 	C:\Program Files\Java\jdk-17\bin\jimage.dll
0x00007ffa7dc30000 - 0x00007ffa7de72000 	C:\WINDOWS\SYSTEM32\DBGHELP.DLL
0x00007ffa81720000 - 0x00007ffa81aa3000 	C:\WINDOWS\System32\combase.dll
0x00007ffa823a0000 - 0x00007ffa82479000 	C:\WINDOWS\System32\OLEAUT32.dll
0x00007ffa5eee0000 - 0x00007ffa5ef1b000 	C:\WINDOWS\SYSTEM32\dbgcore.DLL
0x00007ffa80440000 - 0x00007ffa804e8000 	C:\WINDOWS\System32\bcryptPrimitives.dll
0x00007ffa68430000 - 0x00007ffa68455000 	C:\Program Files\Java\jdk-17\bin\java.dll

dbghelp: loaded successfully - version: 4.0.5 - missing functions: none
symbol engine: initialized successfully - sym options: 0x614 - pdb path: .;C:\Program Files\Java\jdk-17\bin;C:\WINDOWS\SYSTEM32;C:\WINDOWS\WinSxS\amd64_microsoft.windows.common-controls_6595b64144ccf1df_6.0.26100.8457_none_3e0b2faee331e92d;C:\Program Files\Java\jdk-17\bin\server

VM Arguments:
jvm_args: -Dnet.bytebuddy.agent.attacher.dump= 
java_command: net.bytebuddy.agent.Attacher com.sun.tools.attach.VirtualMachine 5816 C:\Users\Vedavarshini\.m2\repository\net\bytebuddy\byte-buddy-agent\1.17.8\byte-buddy-agent-1.17.8.jar false 
java_class_path (initial): C:\Users\Vedavarshini\.m2\repository\net\bytebuddy\byte-buddy-agent\1.17.8\byte-buddy-agent-1.17.8.jar
Launcher Type: SUN_STANDARD

[Global flags]
     intx CICompilerCount                          = 4                                         {product} {ergonomic}
     uint ConcGCThreads                            = 2                                         {product} {ergonomic}
     uint G1ConcRefinementThreads                  = 8                                         {product} {ergonomic}
   size_t G1HeapRegionSize                         = 2097152                                   {product} {ergonomic}
    uintx GCDrainStackTargetSize                   = 64                                        {product} {ergonomic}
   size_t InitialHeapSize                          = 264241152                                 {product} {ergonomic}
   size_t MarkStackSize                            = 4194304                                   {product} {ergonomic}
   size_t MaxHeapSize                              = 4225761280                                {product} {ergonomic}
   size_t MinHeapDeltaBytes                        = 2097152                                   {product} {ergonomic}
   size_t MinHeapSize                              = 8388608                                   {product} {ergonomic}
    uintx NonNMethodCodeHeapSize                   = 5839372                                {pd product} {ergonomic}
    uintx NonProfiledCodeHeapSize                  = 122909434                              {pd product} {ergonomic}
    uintx ProfiledCodeHeapSize                     = 122909434                              {pd product} {ergonomic}
    uintx ReservedCodeCacheSize                    = 251658240                              {pd product} {ergonomic}
     bool SegmentedCodeCache                       = true                                      {product} {ergonomic}
   size_t SoftMaxHeapSize                          = 4225761280                             {manageable} {ergonomic}
     bool UseCompressedClassPointers               = true                           {product lp64_product} {ergonomic}
     bool UseCompressedOops                        = true                           {product lp64_product} {ergonomic}
     bool UseG1GC                                  = true                                      {product} {ergonomic}
     bool UseLargePagesIndividualAllocation        = false                                  {pd product} {ergonomic}

Logging:
Log output configuration:
 #0: stdout all=warning uptime,level,tags
 #1: stderr all=off uptime,level,tags

Environment Variables:
JAVA_HOME=C:\Program Files\Java\jdk-17
PATH=C:\Python314\Scripts\;C:\Python314\;C:\Program Files\Common Files\Oracle\Java\javapath;C:\ProgramData\Oracle\Java\javapath;C:\os\bin;C:\WINDOWS\system32;C:\WINDOWS;C:\WINDOWS\System32\Wbem;C:\WINDOWS\System32\WindowsPowerShell\v1.0\;C:\WINDOWS\System32\OpenSSH\;C:\Program Files\Java\jdk-17.0.2\bin;C:\Program Files\dotnet\;C:\Program Files (x86)\Microsoft SQL Server\90\Tools\binn\;C:\Program Files (x86)\Microsoft SQL Server\160\Tools\Binn\;C:\Program Files\Microsoft SQL Server\160\Tools\Binn\;C:\Program Files\Microsoft SQL Server\Client SDK\ODBC\170\Tools\Binn\;C:\Program Files\Microsoft SQL Server\160\DTS\Binn\;C:\MinGW\bin;C:\Program Files\Git\cmd;C:\Program Files\Docker\Docker\resources\bin;C:\Program Files\nodejs\;C:\ProgramData\chocolatey\bin;C:\Program Files\MySQL\MySQL Shell 8.0\bin\;C:\Users\Vedavarshini\AppData\Local\Programs\Python\Python312\Scripts\;C:\Users\Vedavarshini\AppData\Local\Programs\Python\Python312\;C:\Users\Vedavarshini\AppData\Local\Microsoft\WindowsApps;C:\Program Files\Java\java-se-8u41-ri\bin;C:\Users\Vedavarshini\AppData\Local\Programs\Microsoft VS Code\bin;C:\Program Files\JetBrains\PyCharm 2024.1.3\bin;;C:\Program Files\JetBrains\IntelliJ IDEA Community Edition 2024.3\bin;;D:\John\john-1.9.0-jumbo-1-win64\john-1.9.0-jumbo-1-win64\run;C:\Users\Vedavarshini\AppData\Roaming\npm
USERNAME=Vedavarshini
OS=Windows_NT
PROCESSOR_IDENTIFIER=Intel64 Family 6 Model 140 Stepping 1, GenuineIntel



---------------  S Y S T E M  ---------------

OS:
 Windows 11 , 64 bit Build 26100 (10.0.26100.8328)
OS uptime: 8 days 17:57 hours
Hyper-V role detected

CPU: total 8 (initial active 8) (4 cores per cpu, 2 threads per core) family 6 model 140 stepping 1 microcode 0xbe, cx8, cmov, fxsr, ht, mmx, 3dnowpref, sse, sse2, sse3, ssse3, sse4.1, sse4.2, popcnt, lzcnt, tsc, tscinvbit, avx, avx2, aes, erms, clmul, bmi1, bmi2, adx, avx512f, avx512dq, avx512cd, avx512bw, avx512vl, sha, fma, vzeroupper, avx512_vpopcntdq, avx512_vpclmulqdq, avx512_vaes, avx512_vnni, clflush, clflushopt, clwb, avx512_vbmi2, avx512_vbmi, hv

Memory: 4k page, system-wide physical 16118M (3618M free)
TotalPageFile size 24310M (AvailPageFile size 183M)
current process WorkingSet (physical memory assigned to process): 12M, peak: 12M
current process commit charge ("private bytes"): 60M, peak: 312M

vm_info: Java HotSpot(TM) 64-Bit Server VM (17.0.12+8-LTS-286) for windows-amd64 JRE (17.0.12+8-LTS-286), built on Jun  5 2024 06:46:59 by "mach5one" with MS VC++ 17.6 (VS2022)

END.
